2026-01-14 17:07:30,280 | INFO | ================================================================================
2026-01-14 17:07:30,280 | INFO | MULTI-TASK MODEL - CROSS-VALIDATION TRAINING
2026-01-14 17:07:30,280 | INFO | ================================================================================
2026-01-14 17:07:30,280 | INFO | Number of folds: 5
2026-01-14 17:07:30,280 | INFO | Output directory: outputs/multitask_resnet50_crop5pct/20260114-170730_5fold
2026-01-14 17:07:30,318 | INFO | Random seed: 42
2026-01-14 17:07:30,318 | INFO | 
================================================================================
2026-01-14 17:07:30,318 | INFO | FOLD 1/5
2026-01-14 17:07:30,318 | INFO | ================================================================================

2026-01-14 17:07:30,398 | INFO | Device: cuda
2026-01-14 17:07:30,399 | INFO | Building datasets for fold 1...
2026-01-14 17:07:33,476 | INFO | Fold 1 - Train: 4048, Val: 1104, Test: 1472
2026-01-14 17:07:34,319 | INFO | Training fold 1 for 100 epochs...
2026-01-14 17:07:34,320 | INFO | Primary metric: combined (0.6*F1 + 0.4*(1-MAE/48.0))
2026-01-14 17:07:34,320 | INFO | Fold 1, Epoch 1/100
2026-01-14 17:10:53,207 | INFO | ✓ Fold 1: New best model! combined=0.7004
2026-01-14 17:10:53,209 | INFO | Fold 1, Epoch 2/100
2026-01-14 17:13:35,270 | INFO | ✓ Fold 1: New best model! combined=0.8679
2026-01-14 17:13:35,271 | INFO | Fold 1, Epoch 3/100
2026-01-14 17:16:16,860 | INFO | ✓ Fold 1: New best model! combined=0.9424
2026-01-14 17:16:16,861 | INFO | Fold 1, Epoch 4/100
2026-01-14 17:18:59,766 | INFO | ✓ Fold 1: New best model! combined=0.9584
2026-01-14 17:18:59,768 | INFO | Fold 1, Epoch 5/100
2026-01-14 17:21:38,370 | INFO | ✓ Fold 1: New best model! combined=0.9650
2026-01-14 17:21:38,371 | INFO | Fold 1, Epoch 6/100
2026-01-14 17:24:17,010 | INFO | ✓ Fold 1: New best model! combined=0.9724
2026-01-14 17:24:17,012 | INFO | Fold 1, Epoch 7/100
2026-01-14 17:26:56,159 | INFO | ✓ Fold 1: New best model! combined=0.9736
2026-01-14 17:26:56,161 | INFO | Fold 1, Epoch 8/100
2026-01-14 17:29:31,801 | INFO | Fold 1, Epoch 9/100
2026-01-14 17:32:10,339 | INFO | ✓ Fold 1: New best model! combined=0.9770
2026-01-14 17:32:10,340 | INFO | Fold 1, Epoch 10/100
2026-01-14 17:34:47,145 | INFO | Fold 1, Epoch 11/100
2026-01-14 17:37:26,824 | INFO | ✓ Fold 1: New best model! combined=0.9773
2026-01-14 17:37:26,825 | INFO | Fold 1, Epoch 12/100
2026-01-14 17:40:00,422 | INFO | Fold 1, Epoch 13/100
2026-01-14 17:42:39,692 | INFO | Fold 1, Epoch 14/100
2026-01-14 17:45:16,556 | INFO | Fold 1, Epoch 15/100
2026-01-14 17:47:58,319 | INFO | Fold 1, Epoch 16/100
2026-01-14 17:50:35,110 | INFO | Fold 1, Epoch 17/100
2026-01-14 17:53:09,891 | INFO | Fold 1, Epoch 18/100
2026-01-14 17:55:47,150 | INFO | ✓ Fold 1: New best model! combined=0.9813
2026-01-14 17:55:47,151 | INFO | Fold 1, Epoch 19/100
2026-01-14 17:58:23,108 | INFO | Fold 1, Epoch 20/100
2026-01-14 18:00:59,482 | INFO | Fold 1, Epoch 21/100
2026-01-14 18:03:41,135 | INFO | Fold 1, Epoch 22/100
2026-01-14 18:06:18,029 | INFO | Fold 1, Epoch 23/100
2026-01-14 18:09:00,563 | INFO | ✓ Fold 1: New best model! combined=0.9854
2026-01-14 18:09:00,565 | INFO | Fold 1, Epoch 24/100
2026-01-14 18:11:36,918 | INFO | Fold 1, Epoch 25/100
2026-01-14 18:14:14,067 | INFO | Fold 1, Epoch 26/100
2026-01-14 18:16:53,581 | INFO | Fold 1, Epoch 27/100
2026-01-14 18:19:33,976 | INFO | Fold 1, Epoch 28/100
2026-01-14 18:22:13,576 | INFO | ✓ Fold 1: New best model! combined=0.9866
2026-01-14 18:22:13,577 | INFO | Fold 1, Epoch 29/100
2026-01-14 18:24:51,499 | INFO | Fold 1, Epoch 30/100
2026-01-14 18:27:29,753 | INFO | Fold 1, Epoch 31/100
2026-01-14 18:30:04,089 | INFO | Fold 1, Epoch 32/100
2026-01-14 18:32:40,765 | INFO | Fold 1, Epoch 33/100
2026-01-14 18:35:16,690 | INFO | Fold 1, Epoch 34/100
2026-01-14 18:37:55,125 | INFO | Fold 1, Epoch 35/100
2026-01-14 18:40:30,538 | INFO | Fold 1, Epoch 36/100
2026-01-14 18:43:06,718 | INFO | Fold 1, Epoch 37/100
2026-01-14 18:45:40,940 | INFO | Fold 1, Epoch 38/100
2026-01-14 18:48:23,090 | INFO | Fold 1, Epoch 39/100
2026-01-14 18:50:58,954 | INFO | Fold 1, Epoch 40/100
2026-01-14 18:53:36,356 | INFO | Fold 1, Epoch 41/100
2026-01-14 18:56:16,918 | INFO | ✓ Fold 1: New best model! combined=0.9867
2026-01-14 18:56:16,919 | INFO | Fold 1, Epoch 42/100
2026-01-14 18:58:52,329 | INFO | Fold 1, Epoch 43/100
2026-01-14 19:01:30,529 | INFO | Fold 1, Epoch 44/100
2026-01-14 19:04:08,509 | INFO | Fold 1, Epoch 45/100
2026-01-14 19:06:46,998 | INFO | Fold 1, Epoch 46/100
2026-01-14 19:09:23,857 | INFO | Fold 1, Epoch 47/100
2026-01-14 19:12:01,370 | INFO | Fold 1, Epoch 48/100
2026-01-14 19:14:40,689 | INFO | Fold 1, Epoch 49/100
2026-01-14 19:17:18,633 | INFO | Fold 1, Epoch 50/100
2026-01-14 19:19:59,897 | INFO | Fold 1, Epoch 51/100
2026-01-14 19:22:37,237 | INFO | Fold 1, Epoch 52/100
2026-01-14 19:25:12,227 | INFO | Fold 1, Epoch 53/100
2026-01-14 19:27:44,506 | INFO | Fold 1, Epoch 54/100
2026-01-14 19:30:21,279 | INFO | Fold 1, Epoch 55/100
2026-01-14 19:32:57,587 | INFO | Fold 1, Epoch 56/100
2026-01-14 19:35:35,790 | INFO | Fold 1, Epoch 57/100
2026-01-14 19:38:15,760 | INFO | Fold 1, Epoch 58/100
2026-01-14 19:40:50,310 | INFO | Fold 1, Epoch 59/100
2026-01-14 19:43:28,368 | INFO | Fold 1, Epoch 60/100
2026-01-14 19:46:04,503 | INFO | Fold 1, Epoch 61/100
2026-01-14 19:48:42,232 | INFO | ✓ Fold 1: New best model! combined=0.9894
2026-01-14 19:48:42,233 | INFO | Fold 1, Epoch 62/100
2026-01-14 19:51:18,374 | INFO | Fold 1, Epoch 63/100
2026-01-14 19:53:56,093 | INFO | Fold 1, Epoch 64/100
2026-01-14 19:56:33,405 | INFO | Fold 1, Epoch 65/100
2026-01-14 19:59:09,277 | INFO | Fold 1, Epoch 66/100
2026-01-14 20:01:45,219 | INFO | Fold 1, Epoch 67/100
2026-01-14 20:04:19,489 | INFO | Fold 1, Epoch 68/100
2026-01-14 20:07:00,008 | INFO | Fold 1, Epoch 69/100
2026-01-14 20:09:37,287 | INFO | Fold 1, Epoch 70/100
2026-01-14 20:12:16,117 | INFO | Fold 1, Epoch 71/100
2026-01-14 20:14:51,671 | INFO | Fold 1, Epoch 72/100
2026-01-14 20:17:28,091 | INFO | Fold 1, Epoch 73/100
2026-01-14 20:20:03,298 | INFO | Fold 1, Epoch 74/100
2026-01-14 20:22:38,885 | INFO | Fold 1, Epoch 75/100
2026-01-14 20:25:14,867 | INFO | Fold 1, Epoch 76/100
2026-01-14 20:27:51,663 | INFO | Fold 1, Epoch 77/100
2026-01-14 20:30:30,979 | INFO | Fold 1, Epoch 78/100
2026-01-14 20:33:10,513 | INFO | Fold 1, Epoch 79/100
2026-01-14 20:35:48,421 | INFO | Fold 1, Epoch 80/100
2026-01-14 20:38:26,508 | INFO | Fold 1, Epoch 81/100
2026-01-14 20:41:04,042 | INFO | Fold 1, Epoch 82/100
2026-01-14 20:43:41,397 | INFO | Fold 1, Epoch 83/100
2026-01-14 20:46:17,726 | INFO | Fold 1, Epoch 84/100
2026-01-14 20:48:52,076 | INFO | Fold 1, Epoch 85/100
2026-01-14 20:51:29,862 | INFO | Fold 1, Epoch 86/100
2026-01-14 20:54:05,067 | INFO | Fold 1, Epoch 87/100
2026-01-14 20:56:42,135 | INFO | Fold 1, Epoch 88/100
2026-01-14 20:59:21,689 | INFO | Fold 1, Epoch 89/100
2026-01-14 21:02:01,032 | INFO | Fold 1, Epoch 90/100
2026-01-14 21:04:38,166 | INFO | Fold 1, Epoch 91/100
2026-01-14 21:07:15,512 | INFO | Fold 1, Epoch 92/100
2026-01-14 21:09:52,063 | INFO | Fold 1, Epoch 93/100
2026-01-14 21:12:23,988 | INFO | Fold 1, Epoch 94/100
2026-01-14 21:15:00,335 | INFO | Fold 1, Epoch 95/100
2026-01-14 21:17:37,218 | INFO | Fold 1, Epoch 96/100
2026-01-14 21:20:15,238 | INFO | Fold 1, Epoch 97/100
2026-01-14 21:22:50,748 | INFO | Fold 1, Epoch 98/100
2026-01-14 21:25:25,164 | INFO | Fold 1, Epoch 99/100
2026-01-14 21:28:02,586 | INFO | Fold 1, Epoch 100/100
2026-01-14 21:30:39,050 | INFO | Loading best model for fold 1...
2026-01-14 21:30:40,547 | INFO | Fold 1: Final evaluation on test set
2026-01-14 21:31:49,232 | INFO | ✓ Saved test predictions to outputs/multitask_resnet50_crop5pct/20260114-170730_5fold/fold_1/test_predictions.npz
2026-01-14 21:31:49,260 | INFO | ✓ Saved test metadata to outputs/multitask_resnet50_crop5pct/20260114-170730_5fold/fold_1/test_metadata.jsonl
2026-01-14 21:31:49,261 | INFO | Fold 1 test results: total_loss:0.9209 | cls_loss:0.0483 | reg_loss:0.8727 | cls_accuracy:0.9918 | cls_precision:1.0000 | cls_recall:0.9835 | cls_f1:0.9917 | cls_auc:0.9997 | reg_mae:1.2919 | reg_rmse:1.6264 | reg_mse:2.6451 | combined:0.9842
2026-01-14 21:31:49,264 | INFO | ✓ Fold 1 complete!
2026-01-14 21:31:49,271 | INFO | 
================================================================================
2026-01-14 21:31:49,271 | INFO | FOLD 2/5
2026-01-14 21:31:49,271 | INFO | ================================================================================

2026-01-14 21:31:49,271 | INFO | Device: cuda
2026-01-14 21:31:49,272 | INFO | Building datasets for fold 2...
2026-01-14 21:31:49,923 | INFO | Fold 2 - Train: 4141, Val: 1011, Test: 1472
2026-01-14 21:31:50,356 | INFO | Training fold 2 for 100 epochs...
2026-01-14 21:31:50,356 | INFO | Primary metric: combined (0.6*F1 + 0.4*(1-MAE/48.0))
2026-01-14 21:31:50,357 | INFO | Fold 2, Epoch 1/100
2026-01-14 21:34:29,130 | INFO | ✓ Fold 2: New best model! combined=0.7557
2026-01-14 21:34:29,131 | INFO | Fold 2, Epoch 2/100
2026-01-14 21:37:03,728 | INFO | Fold 2, Epoch 3/100
2026-01-14 21:39:39,251 | INFO | ✓ Fold 2: New best model! combined=0.9501
2026-01-14 21:39:39,252 | INFO | Fold 2, Epoch 4/100
2026-01-14 21:42:15,186 | INFO | ✓ Fold 2: New best model! combined=0.9644
2026-01-14 21:42:15,187 | INFO | Fold 2, Epoch 5/100
2026-01-14 21:44:47,085 | INFO | Fold 2, Epoch 6/100
2026-01-14 21:47:23,192 | INFO | ✓ Fold 2: New best model! combined=0.9748
2026-01-14 21:47:23,193 | INFO | Fold 2, Epoch 7/100
2026-01-14 21:49:57,889 | INFO | ✓ Fold 2: New best model! combined=0.9767
2026-01-14 21:49:57,891 | INFO | Fold 2, Epoch 8/100
2026-01-14 21:52:30,470 | INFO | Fold 2, Epoch 9/100
2026-01-14 21:55:04,767 | INFO | Fold 2, Epoch 10/100
2026-01-14 21:57:40,517 | INFO | ✓ Fold 2: New best model! combined=0.9818
2026-01-14 21:57:40,519 | INFO | Fold 2, Epoch 11/100
2026-01-14 22:00:17,624 | INFO | ✓ Fold 2: New best model! combined=0.9825
2026-01-14 22:00:17,625 | INFO | Fold 2, Epoch 12/100
2026-01-14 22:02:52,663 | INFO | Fold 2, Epoch 13/100
2026-01-14 22:05:27,729 | INFO | Fold 2, Epoch 14/100
2026-01-14 22:08:01,065 | INFO | Fold 2, Epoch 15/100
2026-01-14 22:10:39,472 | INFO | ✓ Fold 2: New best model! combined=0.9854
2026-01-14 22:10:39,473 | INFO | Fold 2, Epoch 16/100
2026-01-14 22:13:11,849 | INFO | Fold 2, Epoch 17/100
2026-01-14 22:15:45,569 | INFO | Fold 2, Epoch 18/100
2026-01-14 22:18:16,765 | INFO | Fold 2, Epoch 19/100
2026-01-14 22:20:50,690 | INFO | Fold 2, Epoch 20/100
2026-01-14 22:23:23,555 | INFO | Fold 2, Epoch 21/100
2026-01-14 22:26:02,706 | INFO | Fold 2, Epoch 22/100
2026-01-14 22:28:34,653 | INFO | Fold 2, Epoch 23/100
2026-01-14 22:31:12,291 | INFO | Fold 2, Epoch 24/100
2026-01-14 22:33:46,589 | INFO | Fold 2, Epoch 25/100
2026-01-14 22:36:18,924 | INFO | Fold 2, Epoch 26/100
2026-01-14 22:38:54,386 | INFO | Fold 2, Epoch 27/100
2026-01-14 22:41:25,476 | INFO | Fold 2, Epoch 28/100
2026-01-14 22:44:00,352 | INFO | Fold 2, Epoch 29/100
2026-01-14 22:46:32,303 | INFO | Fold 2, Epoch 30/100
2026-01-14 22:49:04,510 | INFO | Fold 2, Epoch 31/100
2026-01-14 22:51:39,162 | INFO | Fold 2, Epoch 32/100
2026-01-14 22:54:18,234 | INFO | Fold 2, Epoch 33/100
2026-01-14 22:56:52,010 | INFO | Fold 2, Epoch 34/100
2026-01-14 22:59:25,569 | INFO | Fold 2, Epoch 35/100
2026-01-14 23:02:01,401 | INFO | ✓ Fold 2: New best model! combined=0.9872
2026-01-14 23:02:01,403 | INFO | Fold 2, Epoch 36/100
2026-01-14 23:04:34,880 | INFO | Fold 2, Epoch 37/100
2026-01-14 23:07:13,197 | INFO | Fold 2, Epoch 38/100
2026-01-14 23:09:44,806 | INFO | Fold 2, Epoch 39/100
2026-01-14 23:12:19,426 | INFO | Fold 2, Epoch 40/100
2026-01-14 23:14:57,662 | INFO | ✓ Fold 2: New best model! combined=0.9893
2026-01-14 23:14:57,663 | INFO | Fold 2, Epoch 41/100
2026-01-14 23:17:34,862 | INFO | Fold 2, Epoch 42/100
2026-01-14 23:20:14,389 | INFO | Fold 2, Epoch 43/100
2026-01-14 23:22:53,306 | INFO | ✓ Fold 2: New best model! combined=0.9897
2026-01-14 23:22:53,307 | INFO | Fold 2, Epoch 44/100
2026-01-14 23:25:26,957 | INFO | Fold 2, Epoch 45/100
2026-01-14 23:28:01,995 | INFO | Fold 2, Epoch 46/100
2026-01-14 23:30:38,643 | INFO | ✓ Fold 2: New best model! combined=0.9898
2026-01-14 23:30:38,645 | INFO | Fold 2, Epoch 47/100
2026-01-14 23:33:10,701 | INFO | Fold 2, Epoch 48/100
2026-01-14 23:35:43,660 | INFO | Fold 2, Epoch 49/100
2026-01-14 23:38:18,968 | INFO | Fold 2, Epoch 50/100
2026-01-14 23:40:51,483 | INFO | Fold 2, Epoch 51/100
2026-01-14 23:43:25,922 | INFO | Fold 2, Epoch 52/100
2026-01-14 23:46:00,578 | INFO | Fold 2, Epoch 53/100
2026-01-14 23:48:38,950 | INFO | Fold 2, Epoch 54/100
2026-01-14 23:51:15,785 | INFO | ✓ Fold 2: New best model! combined=0.9909
2026-01-14 23:51:15,787 | INFO | Fold 2, Epoch 55/100
2026-01-14 23:53:46,892 | INFO | Fold 2, Epoch 56/100
2026-01-14 23:56:21,203 | INFO | ✓ Fold 2: New best model! combined=0.9910
2026-01-14 23:56:21,205 | INFO | Fold 2, Epoch 57/100
2026-01-14 23:58:54,571 | INFO | Fold 2, Epoch 58/100
2026-01-15 00:01:30,092 | INFO | Fold 2, Epoch 59/100
2026-01-15 00:04:05,741 | INFO | Fold 2, Epoch 60/100
2026-01-15 00:06:40,184 | INFO | Fold 2, Epoch 61/100
2026-01-15 00:09:14,254 | INFO | Fold 2, Epoch 62/100
2026-01-15 00:11:49,245 | INFO | Fold 2, Epoch 63/100
2026-01-15 00:14:25,481 | INFO | Fold 2, Epoch 64/100
2026-01-15 00:16:59,927 | INFO | Fold 2, Epoch 65/100
2026-01-15 00:19:37,544 | INFO | Fold 2, Epoch 66/100
2026-01-15 00:22:14,728 | INFO | Fold 2, Epoch 67/100
2026-01-15 00:24:47,119 | INFO | Fold 2, Epoch 68/100
2026-01-15 00:27:22,915 | INFO | Fold 2, Epoch 69/100
2026-01-15 00:29:56,471 | INFO | Fold 2, Epoch 70/100
2026-01-15 00:32:26,805 | INFO | Fold 2, Epoch 71/100
2026-01-15 00:35:05,276 | INFO | Fold 2, Epoch 72/100
2026-01-15 00:37:40,449 | INFO | Fold 2, Epoch 73/100
2026-01-15 00:40:14,319 | INFO | Fold 2, Epoch 74/100
2026-01-15 00:42:47,639 | INFO | Fold 2, Epoch 75/100
2026-01-15 00:45:24,028 | INFO | Fold 2, Epoch 76/100
2026-01-15 00:47:58,148 | INFO | Fold 2, Epoch 77/100
2026-01-15 00:50:28,409 | INFO | Fold 2, Epoch 78/100
2026-01-15 00:53:03,274 | INFO | Fold 2, Epoch 79/100
2026-01-15 00:55:37,137 | INFO | ✓ Fold 2: New best model! combined=0.9914
2026-01-15 00:55:37,139 | INFO | Fold 2, Epoch 80/100
2026-01-15 00:58:15,303 | INFO | ✓ Fold 2: New best model! combined=0.9915
2026-01-15 00:58:15,304 | INFO | Fold 2, Epoch 81/100
2026-01-15 01:00:50,747 | INFO | Fold 2, Epoch 82/100
2026-01-15 01:03:25,069 | INFO | Fold 2, Epoch 83/100
2026-01-15 01:06:01,207 | INFO | Fold 2, Epoch 84/100
2026-01-15 01:08:30,645 | INFO | Fold 2, Epoch 85/100
2026-01-15 01:11:04,349 | INFO | ✓ Fold 2: New best model! combined=0.9918
2026-01-15 01:11:04,350 | INFO | Fold 2, Epoch 86/100
2026-01-15 01:13:38,734 | INFO | Fold 2, Epoch 87/100
2026-01-15 01:16:09,591 | INFO | Fold 2, Epoch 88/100
2026-01-15 01:18:48,544 | INFO | Fold 2, Epoch 89/100
2026-01-15 01:21:27,833 | INFO | Fold 2, Epoch 90/100
2026-01-15 01:23:58,747 | INFO | Fold 2, Epoch 91/100
2026-01-15 01:26:33,817 | INFO | ✓ Fold 2: New best model! combined=0.9918
2026-01-15 01:26:33,818 | INFO | Fold 2, Epoch 92/100
2026-01-15 01:29:06,712 | INFO | Fold 2, Epoch 93/100
2026-01-15 01:31:39,763 | INFO | Fold 2, Epoch 94/100
2026-01-15 01:34:15,857 | INFO | Fold 2, Epoch 95/100
2026-01-15 01:36:51,102 | INFO | Fold 2, Epoch 96/100
2026-01-15 01:39:23,445 | INFO | Fold 2, Epoch 97/100
2026-01-15 01:41:56,359 | INFO | Fold 2, Epoch 98/100
2026-01-15 01:44:28,648 | INFO | Fold 2, Epoch 99/100
2026-01-15 01:47:02,834 | INFO | Fold 2, Epoch 100/100
2026-01-15 01:49:39,650 | INFO | Loading best model for fold 2...
2026-01-15 01:49:41,351 | INFO | Fold 2: Final evaluation on test set
2026-01-15 01:50:39,205 | INFO | ✓ Saved test predictions to outputs/multitask_resnet50_crop5pct/20260114-170730_5fold/fold_2/test_predictions.npz
2026-01-15 01:50:39,223 | INFO | ✓ Saved test metadata to outputs/multitask_resnet50_crop5pct/20260114-170730_5fold/fold_2/test_metadata.jsonl
2026-01-15 01:50:39,223 | INFO | Fold 2 test results: total_loss:0.6920 | cls_loss:0.0392 | reg_loss:0.6528 | cls_accuracy:0.9912 | cls_precision:1.0000 | cls_recall:0.9821 | cls_f1:0.9910 | cls_auc:0.9998 | reg_mae:1.0428 | reg_rmse:1.3569 | reg_mse:1.8411 | combined:0.9859
2026-01-15 01:50:39,227 | INFO | ✓ Fold 2 complete!
2026-01-15 01:50:39,234 | INFO | 
================================================================================
2026-01-15 01:50:39,234 | INFO | FOLD 3/5
2026-01-15 01:50:39,234 | INFO | ================================================================================

2026-01-15 01:50:39,234 | INFO | Device: cuda
2026-01-15 01:50:39,235 | INFO | Building datasets for fold 3...
2026-01-15 01:50:39,914 | INFO | Fold 3 - Train: 4141, Val: 1011, Test: 1472
2026-01-15 01:50:40,363 | INFO | Training fold 3 for 100 epochs...
2026-01-15 01:50:40,363 | INFO | Primary metric: combined (0.6*F1 + 0.4*(1-MAE/48.0))
2026-01-15 01:50:40,364 | INFO | Fold 3, Epoch 1/100
2026-01-15 01:53:16,275 | INFO | ✓ Fold 3: New best model! combined=0.7260
2026-01-15 01:53:16,276 | INFO | Fold 3, Epoch 2/100
2026-01-15 01:55:50,314 | INFO | ✓ Fold 3: New best model! combined=0.8885
2026-01-15 01:55:50,315 | INFO | Fold 3, Epoch 3/100
2026-01-15 01:58:26,013 | INFO | ✓ Fold 3: New best model! combined=0.9511
2026-01-15 01:58:26,014 | INFO | Fold 3, Epoch 4/100
2026-01-15 02:00:59,594 | INFO | Fold 3, Epoch 5/100
2026-01-15 02:03:37,175 | INFO | ✓ Fold 3: New best model! combined=0.9758
2026-01-15 02:03:37,177 | INFO | Fold 3, Epoch 6/100
2026-01-15 02:06:11,647 | INFO | Fold 3, Epoch 7/100
2026-01-15 02:08:46,268 | INFO | Fold 3, Epoch 8/100
2026-01-15 02:11:22,143 | INFO | ✓ Fold 3: New best model! combined=0.9804
2026-01-15 02:11:22,144 | INFO | Fold 3, Epoch 9/100
2026-01-15 02:13:55,407 | INFO | Fold 3, Epoch 10/100
2026-01-15 02:16:28,345 | INFO | Fold 3, Epoch 11/100
2026-01-15 02:19:04,622 | INFO | ✓ Fold 3: New best model! combined=0.9814
2026-01-15 02:19:04,623 | INFO | Fold 3, Epoch 12/100
2026-01-15 02:21:39,475 | INFO | Fold 3, Epoch 13/100
2026-01-15 02:24:15,718 | INFO | ✓ Fold 3: New best model! combined=0.9837
2026-01-15 02:24:15,719 | INFO | Fold 3, Epoch 14/100
2026-01-15 02:26:50,253 | INFO | Fold 3, Epoch 15/100
2026-01-15 02:29:26,335 | INFO | Fold 3, Epoch 16/100
2026-01-15 02:31:59,901 | INFO | Fold 3, Epoch 17/100
2026-01-15 02:34:34,893 | INFO | Fold 3, Epoch 18/100
2026-01-15 02:37:09,460 | INFO | Fold 3, Epoch 19/100
2026-01-15 02:39:44,374 | INFO | Fold 3, Epoch 20/100
2026-01-15 02:42:19,426 | INFO | Fold 3, Epoch 21/100
2026-01-15 02:44:54,471 | INFO | Fold 3, Epoch 22/100
2026-01-15 02:47:27,320 | INFO | Fold 3, Epoch 23/100
2026-01-15 02:50:05,739 | INFO | ✓ Fold 3: New best model! combined=0.9839
2026-01-15 02:50:05,740 | INFO | Fold 3, Epoch 24/100
2026-01-15 02:52:39,268 | INFO | Fold 3, Epoch 25/100
2026-01-15 02:55:12,145 | INFO | Fold 3, Epoch 26/100
2026-01-15 02:57:47,329 | INFO | Fold 3, Epoch 27/100
2026-01-15 03:00:20,709 | INFO | Fold 3, Epoch 28/100
2026-01-15 03:02:56,707 | INFO | ✓ Fold 3: New best model! combined=0.9861
2026-01-15 03:02:56,708 | INFO | Fold 3, Epoch 29/100
2026-01-15 03:05:33,276 | INFO | Fold 3, Epoch 30/100
2026-01-15 03:08:09,389 | INFO | ✓ Fold 3: New best model! combined=0.9900
2026-01-15 03:08:09,390 | INFO | Fold 3, Epoch 31/100
2026-01-15 03:10:44,687 | INFO | Fold 3, Epoch 32/100
2026-01-15 03:13:19,588 | INFO | Fold 3, Epoch 33/100
2026-01-15 03:15:54,115 | INFO | Fold 3, Epoch 34/100
2026-01-15 03:18:28,509 | INFO | Fold 3, Epoch 35/100
2026-01-15 03:21:03,670 | INFO | Fold 3, Epoch 36/100
2026-01-15 03:23:38,007 | INFO | Fold 3, Epoch 37/100
2026-01-15 03:26:10,234 | INFO | Fold 3, Epoch 38/100
2026-01-15 03:28:44,346 | INFO | Fold 3, Epoch 39/100
2026-01-15 03:31:20,890 | INFO | Fold 3, Epoch 40/100
2026-01-15 03:33:55,882 | INFO | Fold 3, Epoch 41/100
2026-01-15 03:36:31,632 | INFO | Fold 3, Epoch 42/100
2026-01-15 03:39:06,345 | INFO | Fold 3, Epoch 43/100
2026-01-15 03:41:40,783 | INFO | Fold 3, Epoch 44/100
2026-01-15 03:44:14,251 | INFO | Fold 3, Epoch 45/100
2026-01-15 03:46:48,521 | INFO | Fold 3, Epoch 46/100
2026-01-15 03:49:23,140 | INFO | Fold 3, Epoch 47/100
2026-01-15 03:51:57,853 | INFO | Fold 3, Epoch 48/100
2026-01-15 03:54:32,019 | INFO | Fold 3, Epoch 49/100
2026-01-15 03:57:05,107 | INFO | Fold 3, Epoch 50/100
2026-01-15 03:59:40,063 | INFO | Fold 3, Epoch 51/100
2026-01-15 04:02:15,950 | INFO | Fold 3, Epoch 52/100
2026-01-15 04:04:51,726 | INFO | Fold 3, Epoch 53/100
2026-01-15 04:07:25,786 | INFO | Fold 3, Epoch 54/100
2026-01-15 04:10:02,139 | INFO | Fold 3, Epoch 55/100
2026-01-15 04:12:36,360 | INFO | Fold 3, Epoch 56/100
2026-01-15 04:15:10,905 | INFO | Fold 3, Epoch 57/100
2026-01-15 04:17:44,774 | INFO | Fold 3, Epoch 58/100
2026-01-15 04:20:19,832 | INFO | Fold 3, Epoch 59/100
2026-01-15 04:22:53,383 | INFO | Fold 3, Epoch 60/100
2026-01-15 04:25:27,699 | INFO | Fold 3, Epoch 61/100
2026-01-15 04:28:01,474 | INFO | Fold 3, Epoch 62/100
2026-01-15 04:30:36,618 | INFO | Fold 3, Epoch 63/100
2026-01-15 04:33:09,240 | INFO | Fold 3, Epoch 64/100
2026-01-15 04:35:43,090 | INFO | Fold 3, Epoch 65/100
2026-01-15 04:38:16,665 | INFO | Fold 3, Epoch 66/100
2026-01-15 04:40:51,935 | INFO | Fold 3, Epoch 67/100
2026-01-15 04:43:23,439 | INFO | Fold 3, Epoch 68/100
2026-01-15 04:45:58,101 | INFO | Fold 3, Epoch 69/100
2026-01-15 04:48:32,430 | INFO | Fold 3, Epoch 70/100
2026-01-15 04:51:07,892 | INFO | Fold 3, Epoch 71/100
2026-01-15 04:53:42,857 | INFO | Fold 3, Epoch 72/100
2026-01-15 04:56:17,872 | INFO | Fold 3, Epoch 73/100
2026-01-15 04:58:52,785 | INFO | Fold 3, Epoch 74/100
2026-01-15 05:01:26,478 | INFO | Fold 3, Epoch 75/100
2026-01-15 05:04:00,755 | INFO | Fold 3, Epoch 76/100
2026-01-15 05:06:35,206 | INFO | Fold 3, Epoch 77/100
2026-01-15 05:09:09,863 | INFO | Fold 3, Epoch 78/100
2026-01-15 05:11:44,546 | INFO | Fold 3, Epoch 79/100
2026-01-15 05:14:20,712 | INFO | Fold 3, Epoch 80/100
2026-01-15 05:16:55,307 | INFO | Fold 3, Epoch 81/100
2026-01-15 05:19:30,583 | INFO | Fold 3, Epoch 82/100
2026-01-15 05:22:06,526 | INFO | Fold 3, Epoch 83/100
2026-01-15 05:24:40,971 | INFO | Fold 3, Epoch 84/100
2026-01-15 05:27:16,913 | INFO | Fold 3, Epoch 85/100
2026-01-15 05:29:51,356 | INFO | Fold 3, Epoch 86/100
2026-01-15 05:32:26,166 | INFO | Fold 3, Epoch 87/100
2026-01-15 05:34:59,830 | INFO | Fold 3, Epoch 88/100
2026-01-15 05:37:33,590 | INFO | Fold 3, Epoch 89/100
2026-01-15 05:40:06,305 | INFO | Fold 3, Epoch 90/100
2026-01-15 05:42:40,822 | INFO | Fold 3, Epoch 91/100
2026-01-15 05:45:15,745 | INFO | Fold 3, Epoch 92/100
2026-01-15 05:47:49,916 | INFO | Fold 3, Epoch 93/100
2026-01-15 05:50:23,956 | INFO | Fold 3, Epoch 94/100
2026-01-15 05:52:57,747 | INFO | Fold 3, Epoch 95/100
2026-01-15 05:55:32,196 | INFO | Fold 3, Epoch 96/100
2026-01-15 05:58:08,884 | INFO | Fold 3, Epoch 97/100
2026-01-15 06:00:44,822 | INFO | Fold 3, Epoch 98/100
2026-01-15 06:03:19,533 | INFO | Fold 3, Epoch 99/100
2026-01-15 06:05:54,462 | INFO | Fold 3, Epoch 100/100
2026-01-15 06:08:28,799 | INFO | Loading best model for fold 3...
2026-01-15 06:08:30,206 | INFO | Fold 3: Final evaluation on test set
2026-01-15 06:09:29,743 | INFO | ✓ Saved test predictions to outputs/multitask_resnet50_crop5pct/20260114-170730_5fold/fold_3/test_predictions.npz
2026-01-15 06:09:29,771 | INFO | ✓ Saved test metadata to outputs/multitask_resnet50_crop5pct/20260114-170730_5fold/fold_3/test_metadata.jsonl
2026-01-15 06:09:29,771 | INFO | Fold 3 test results: total_loss:0.8799 | cls_loss:0.0183 | reg_loss:0.8616 | cls_accuracy:0.9939 | cls_precision:0.9972 | cls_recall:0.9904 | cls_f1:0.9938 | cls_auc:0.9998 | reg_mae:1.2846 | reg_rmse:1.5933 | reg_mse:2.5387 | combined:0.9856
2026-01-15 06:09:29,775 | INFO | ✓ Fold 3 complete!
2026-01-15 06:09:29,780 | INFO | 
================================================================================
2026-01-15 06:09:29,780 | INFO | FOLD 4/5
2026-01-15 06:09:29,781 | INFO | ================================================================================

2026-01-15 06:09:29,781 | INFO | Device: cuda
2026-01-15 06:09:29,781 | INFO | Building datasets for fold 4...
2026-01-15 06:09:30,556 | INFO | Fold 4 - Train: 4139, Val: 1013, Test: 1472
2026-01-15 06:09:30,997 | INFO | Training fold 4 for 100 epochs...
2026-01-15 06:09:30,997 | INFO | Primary metric: combined (0.6*F1 + 0.4*(1-MAE/48.0))
2026-01-15 06:09:30,998 | INFO | Fold 4, Epoch 1/100
2026-01-15 06:12:05,787 | INFO | ✓ Fold 4: New best model! combined=0.7566
2026-01-15 06:12:05,788 | INFO | Fold 4, Epoch 2/100
2026-01-15 06:14:39,615 | INFO | ✓ Fold 4: New best model! combined=0.8599
2026-01-15 06:14:39,616 | INFO | Fold 4, Epoch 3/100
2026-01-15 06:17:12,117 | INFO | ✓ Fold 4: New best model! combined=0.9549
2026-01-15 06:17:12,118 | INFO | Fold 4, Epoch 4/100
2026-01-15 06:19:48,934 | INFO | ✓ Fold 4: New best model! combined=0.9790
2026-01-15 06:19:48,935 | INFO | Fold 4, Epoch 5/100
2026-01-15 06:22:22,594 | INFO | ✓ Fold 4: New best model! combined=0.9797
2026-01-15 06:22:22,596 | INFO | Fold 4, Epoch 6/100
2026-01-15 06:24:53,900 | INFO | Fold 4, Epoch 7/100
2026-01-15 06:27:25,702 | INFO | Fold 4, Epoch 8/100
2026-01-15 06:30:01,748 | INFO | ✓ Fold 4: New best model! combined=0.9839
2026-01-15 06:30:01,750 | INFO | Fold 4, Epoch 9/100
2026-01-15 06:32:33,479 | INFO | Fold 4, Epoch 10/100
2026-01-15 06:35:06,304 | INFO | Fold 4, Epoch 11/100
2026-01-15 06:37:37,806 | INFO | Fold 4, Epoch 12/100
2026-01-15 06:40:10,477 | INFO | Fold 4, Epoch 13/100
2026-01-15 06:42:44,957 | INFO | Fold 4, Epoch 14/100
2026-01-15 06:45:18,411 | INFO | Fold 4, Epoch 15/100
2026-01-15 06:47:50,348 | INFO | Fold 4, Epoch 16/100
2026-01-15 06:50:25,143 | INFO | Fold 4, Epoch 17/100
2026-01-15 06:52:55,641 | INFO | Fold 4, Epoch 18/100
2026-01-15 06:55:26,689 | INFO | Fold 4, Epoch 19/100
2026-01-15 06:58:01,943 | INFO | ✓ Fold 4: New best model! combined=0.9860
2026-01-15 06:58:01,944 | INFO | Fold 4, Epoch 20/100
2026-01-15 07:00:35,934 | INFO | Fold 4, Epoch 21/100
2026-01-15 07:03:09,518 | INFO | Fold 4, Epoch 22/100
2026-01-15 07:05:41,427 | INFO | Fold 4, Epoch 23/100
2026-01-15 07:08:12,119 | INFO | Fold 4, Epoch 24/100
2026-01-15 07:10:45,105 | INFO | Fold 4, Epoch 25/100
2026-01-15 07:13:21,452 | INFO | ✓ Fold 4: New best model! combined=0.9865
2026-01-15 07:13:21,454 | INFO | Fold 4, Epoch 26/100
2026-01-15 07:15:51,935 | INFO | Fold 4, Epoch 27/100
2026-01-15 07:18:23,557 | INFO | Fold 4, Epoch 28/100
2026-01-15 07:20:55,244 | INFO | Fold 4, Epoch 29/100
2026-01-15 07:23:27,740 | INFO | Fold 4, Epoch 30/100
2026-01-15 07:25:57,250 | INFO | Fold 4, Epoch 31/100
2026-01-15 07:28:29,805 | INFO | Fold 4, Epoch 32/100
2026-01-15 07:31:07,599 | INFO | ✓ Fold 4: New best model! combined=0.9880
2026-01-15 07:31:07,601 | INFO | Fold 4, Epoch 33/100
2026-01-15 07:33:39,424 | INFO | Fold 4, Epoch 34/100
2026-01-15 07:36:10,608 | INFO | Fold 4, Epoch 35/100
2026-01-15 07:38:43,187 | INFO | Fold 4, Epoch 36/100
2026-01-15 07:41:14,956 | INFO | Fold 4, Epoch 37/100
2026-01-15 07:43:49,511 | INFO | Fold 4, Epoch 38/100
2026-01-15 07:46:21,951 | INFO | Fold 4, Epoch 39/100
2026-01-15 07:48:54,055 | INFO | Fold 4, Epoch 40/100
2026-01-15 07:51:25,232 | INFO | Fold 4, Epoch 41/100
2026-01-15 07:53:59,876 | INFO | Fold 4, Epoch 42/100
2026-01-15 07:56:31,205 | INFO | Fold 4, Epoch 43/100
2026-01-15 07:59:02,221 | INFO | Fold 4, Epoch 44/100
2026-01-15 08:01:34,687 | INFO | Fold 4, Epoch 45/100
2026-01-15 08:04:06,485 | INFO | Fold 4, Epoch 46/100
2026-01-15 08:06:36,250 | INFO | Fold 4, Epoch 47/100
2026-01-15 08:09:08,844 | INFO | Fold 4, Epoch 48/100
2026-01-15 08:11:39,646 | INFO | Fold 4, Epoch 49/100
2026-01-15 08:14:10,279 | INFO | Fold 4, Epoch 50/100
2026-01-15 08:16:45,228 | INFO | Fold 4, Epoch 51/100
2026-01-15 08:19:15,556 | INFO | Fold 4, Epoch 52/100
2026-01-15 08:21:51,124 | INFO | Fold 4, Epoch 53/100
2026-01-15 08:24:22,946 | INFO | Fold 4, Epoch 54/100
2026-01-15 08:26:52,106 | INFO | Fold 4, Epoch 55/100
2026-01-15 08:29:23,972 | INFO | Fold 4, Epoch 56/100
2026-01-15 08:31:59,202 | INFO | ✓ Fold 4: New best model! combined=0.9887
2026-01-15 08:31:59,203 | INFO | Fold 4, Epoch 57/100
2026-01-15 08:34:29,656 | INFO | Fold 4, Epoch 58/100
2026-01-15 08:37:00,759 | INFO | Fold 4, Epoch 59/100
2026-01-15 08:39:34,090 | INFO | Fold 4, Epoch 60/100
2026-01-15 08:42:03,903 | INFO | Fold 4, Epoch 61/100
2026-01-15 08:44:36,504 | INFO | Fold 4, Epoch 62/100
2026-01-15 08:47:07,342 | INFO | Fold 4, Epoch 63/100
2026-01-15 08:49:42,645 | INFO | Fold 4, Epoch 64/100
2026-01-15 08:52:14,932 | INFO | Fold 4, Epoch 65/100
2026-01-15 08:54:47,413 | INFO | Fold 4, Epoch 66/100
2026-01-15 08:57:19,272 | INFO | Fold 4, Epoch 67/100
2026-01-15 08:59:55,459 | INFO | ✓ Fold 4: New best model! combined=0.9888
2026-01-15 08:59:55,460 | INFO | Fold 4, Epoch 68/100
2026-01-15 09:02:29,386 | INFO | Fold 4, Epoch 69/100
2026-01-15 09:05:03,796 | INFO | Fold 4, Epoch 70/100
2026-01-15 09:07:37,299 | INFO | Fold 4, Epoch 71/100
2026-01-15 09:10:12,246 | INFO | Fold 4, Epoch 72/100
2026-01-15 09:12:48,663 | INFO | ✓ Fold 4: New best model! combined=0.9890
2026-01-15 09:12:48,664 | INFO | Fold 4, Epoch 73/100
2026-01-15 09:15:22,471 | INFO | Fold 4, Epoch 74/100
2026-01-15 09:17:52,862 | INFO | Fold 4, Epoch 75/100
2026-01-15 09:20:29,136 | INFO | Fold 4, Epoch 76/100
2026-01-15 09:23:02,926 | INFO | Fold 4, Epoch 77/100
2026-01-15 09:25:38,167 | INFO | Fold 4, Epoch 78/100
2026-01-15 09:28:10,645 | INFO | Fold 4, Epoch 79/100
2026-01-15 09:30:42,771 | INFO | Fold 4, Epoch 80/100
2026-01-15 09:33:16,175 | INFO | Fold 4, Epoch 81/100
2026-01-15 09:35:48,504 | INFO | Fold 4, Epoch 82/100
2026-01-15 09:38:23,296 | INFO | Fold 4, Epoch 83/100
2026-01-15 09:40:54,108 | INFO | Fold 4, Epoch 84/100
2026-01-15 09:43:27,899 | INFO | Fold 4, Epoch 85/100
2026-01-15 09:46:00,354 | INFO | Fold 4, Epoch 86/100
2026-01-15 09:48:32,492 | INFO | Fold 4, Epoch 87/100
2026-01-15 09:51:09,012 | INFO | ✓ Fold 4: New best model! combined=0.9890
2026-01-15 09:51:09,013 | INFO | Fold 4, Epoch 88/100
2026-01-15 09:53:41,911 | INFO | Fold 4, Epoch 89/100
2026-01-15 09:56:11,175 | INFO | Fold 4, Epoch 90/100
2026-01-15 09:58:42,786 | INFO | Fold 4, Epoch 91/100
2026-01-15 10:01:16,147 | INFO | Fold 4, Epoch 92/100
2026-01-15 10:03:47,835 | INFO | ✓ Fold 4: New best model! combined=0.9891
2026-01-15 10:03:47,837 | INFO | Fold 4, Epoch 93/100
2026-01-15 10:06:19,548 | INFO | Fold 4, Epoch 94/100
2026-01-15 10:08:52,641 | INFO | Fold 4, Epoch 95/100
2026-01-15 10:11:26,761 | INFO | Fold 4, Epoch 96/100
2026-01-15 10:13:59,390 | INFO | Fold 4, Epoch 97/100
2026-01-15 10:16:31,702 | INFO | Fold 4, Epoch 98/100
2026-01-15 10:19:04,734 | INFO | Fold 4, Epoch 99/100
2026-01-15 10:21:37,301 | INFO | Fold 4, Epoch 100/100
2026-01-15 10:24:10,456 | INFO | Loading best model for fold 4...
2026-01-15 10:24:11,964 | INFO | Fold 4: Final evaluation on test set
2026-01-15 10:25:10,786 | INFO | ✓ Saved test predictions to outputs/multitask_resnet50_crop5pct/20260114-170730_5fold/fold_4/test_predictions.npz
2026-01-15 10:25:10,835 | INFO | ✓ Saved test metadata to outputs/multitask_resnet50_crop5pct/20260114-170730_5fold/fold_4/test_metadata.jsonl
2026-01-15 10:25:10,835 | INFO | Fold 4 test results: total_loss:0.7559 | cls_loss:0.0311 | reg_loss:0.7249 | cls_accuracy:0.9932 | cls_precision:1.0000 | cls_recall:0.9863 | cls_f1:0.9931 | cls_auc:0.9998 | reg_mae:1.1306 | reg_rmse:1.4371 | reg_mse:2.0653 | combined:0.9864
2026-01-15 10:25:10,840 | INFO | ✓ Fold 4 complete!
2026-01-15 10:25:10,845 | INFO | 
================================================================================
2026-01-15 10:25:10,845 | INFO | FOLD 5/5
2026-01-15 10:25:10,845 | INFO | ================================================================================

2026-01-15 10:25:10,845 | INFO | Device: cuda
2026-01-15 10:25:10,846 | INFO | Building datasets for fold 5...
2026-01-15 10:25:11,495 | INFO | Fold 5 - Train: 4139, Val: 1013, Test: 1472
2026-01-15 10:25:11,932 | INFO | Training fold 5 for 100 epochs...
2026-01-15 10:25:11,932 | INFO | Primary metric: combined (0.6*F1 + 0.4*(1-MAE/48.0))
2026-01-15 10:25:11,932 | INFO | Fold 5, Epoch 1/100
2026-01-15 10:27:44,280 | INFO | ✓ Fold 5: New best model! combined=0.8047
2026-01-15 10:27:44,282 | INFO | Fold 5, Epoch 2/100
2026-01-15 10:30:18,094 | INFO | ✓ Fold 5: New best model! combined=0.9054
2026-01-15 10:30:18,095 | INFO | Fold 5, Epoch 3/100
2026-01-15 10:32:53,659 | INFO | ✓ Fold 5: New best model! combined=0.9573
2026-01-15 10:32:53,660 | INFO | Fold 5, Epoch 4/100
2026-01-15 10:35:24,152 | INFO | Fold 5, Epoch 5/100
2026-01-15 10:38:00,451 | INFO | ✓ Fold 5: New best model! combined=0.9781
2026-01-15 10:38:00,452 | INFO | Fold 5, Epoch 6/100
2026-01-15 10:40:33,485 | INFO | Fold 5, Epoch 7/100
2026-01-15 10:43:02,669 | INFO | Fold 5, Epoch 8/100
2026-01-15 10:45:34,356 | INFO | ✓ Fold 5: New best model! combined=0.9784
2026-01-15 10:45:34,357 | INFO | Fold 5, Epoch 9/100
2026-01-15 10:48:05,112 | INFO | Fold 5, Epoch 10/100
2026-01-15 10:50:37,777 | INFO | ✓ Fold 5: New best model! combined=0.9862
2026-01-15 10:50:37,778 | INFO | Fold 5, Epoch 11/100
2026-01-15 10:53:10,524 | INFO | Fold 5, Epoch 12/100
2026-01-15 10:55:42,981 | INFO | ✓ Fold 5: New best model! combined=0.9875
2026-01-15 10:55:42,982 | INFO | Fold 5, Epoch 13/100
2026-01-15 10:58:14,936 | INFO | Fold 5, Epoch 14/100
2026-01-15 11:00:46,291 | INFO | Fold 5, Epoch 15/100
2026-01-15 11:03:16,851 | INFO | Fold 5, Epoch 16/100
2026-01-15 11:05:49,156 | INFO | Fold 5, Epoch 17/100
2026-01-15 11:08:22,340 | INFO | Fold 5, Epoch 18/100
2026-01-15 11:10:54,222 | INFO | Fold 5, Epoch 19/100
2026-01-15 11:13:27,750 | INFO | Fold 5, Epoch 20/100
2026-01-15 11:15:59,009 | INFO | Fold 5, Epoch 21/100
2026-01-15 11:18:32,382 | INFO | Fold 5, Epoch 22/100
2026-01-15 11:21:03,801 | INFO | Fold 5, Epoch 23/100
2026-01-15 11:23:37,619 | INFO | Fold 5, Epoch 24/100
2026-01-15 11:26:09,632 | INFO | Fold 5, Epoch 25/100
2026-01-15 11:28:43,324 | INFO | ✓ Fold 5: New best model! combined=0.9875
2026-01-15 11:28:43,325 | INFO | Fold 5, Epoch 26/100
2026-01-15 11:31:14,637 | INFO | Fold 5, Epoch 27/100
2026-01-15 11:33:44,262 | INFO | Fold 5, Epoch 28/100
2026-01-15 11:36:16,275 | INFO | Fold 5, Epoch 29/100
2026-01-15 11:38:49,818 | INFO | ✓ Fold 5: New best model! combined=0.9893
2026-01-15 11:38:49,819 | INFO | Fold 5, Epoch 30/100
2026-01-15 11:41:23,223 | INFO | Fold 5, Epoch 31/100
2026-01-15 11:43:54,576 | INFO | Fold 5, Epoch 32/100
2026-01-15 11:46:26,787 | INFO | ✓ Fold 5: New best model! combined=0.9900
2026-01-15 11:46:26,788 | INFO | Fold 5, Epoch 33/100
2026-01-15 11:48:56,159 | INFO | Fold 5, Epoch 34/100
2026-01-15 11:51:28,300 | INFO | Fold 5, Epoch 35/100
2026-01-15 11:54:03,452 | INFO | Fold 5, Epoch 36/100
2026-01-15 11:56:34,046 | INFO | Fold 5, Epoch 37/100
2026-01-15 11:59:05,027 | INFO | Fold 5, Epoch 38/100
2026-01-15 12:01:37,452 | INFO | Fold 5, Epoch 39/100
2026-01-15 12:04:08,013 | INFO | Fold 5, Epoch 40/100
2026-01-15 12:06:41,830 | INFO | Fold 5, Epoch 41/100
2026-01-15 12:09:14,322 | INFO | Fold 5, Epoch 42/100
2026-01-15 12:11:46,525 | INFO | Fold 5, Epoch 43/100
2026-01-15 12:14:20,944 | INFO | Fold 5, Epoch 44/100
2026-01-15 12:16:52,008 | INFO | Fold 5, Epoch 45/100
2026-01-15 12:19:22,891 | INFO | Fold 5, Epoch 46/100
2026-01-15 12:21:57,039 | INFO | Fold 5, Epoch 47/100
2026-01-15 12:24:29,884 | INFO | Fold 5, Epoch 48/100
2026-01-15 12:27:02,287 | INFO | Fold 5, Epoch 49/100
2026-01-15 12:29:36,805 | INFO | Fold 5, Epoch 50/100
2026-01-15 12:32:07,041 | INFO | Fold 5, Epoch 51/100
2026-01-15 12:34:40,587 | INFO | Fold 5, Epoch 52/100
2026-01-15 12:37:14,710 | INFO | Fold 5, Epoch 53/100
2026-01-15 12:39:49,243 | INFO | Fold 5, Epoch 54/100
2026-01-15 12:42:21,188 | INFO | Fold 5, Epoch 55/100
2026-01-15 12:44:56,290 | INFO | Fold 5, Epoch 56/100
2026-01-15 12:47:29,928 | INFO | Fold 5, Epoch 57/100
2026-01-15 12:50:00,954 | INFO | Fold 5, Epoch 58/100
2026-01-15 12:52:34,034 | INFO | Fold 5, Epoch 59/100
2026-01-15 12:55:04,403 | INFO | Fold 5, Epoch 60/100
2026-01-15 12:57:37,583 | INFO | ✓ Fold 5: New best model! combined=0.9904
2026-01-15 12:57:37,584 | INFO | Fold 5, Epoch 61/100
2026-01-15 13:00:08,914 | INFO | Fold 5, Epoch 62/100
2026-01-15 13:02:41,411 | INFO | Fold 5, Epoch 63/100
2026-01-15 13:05:16,140 | INFO | Fold 5, Epoch 64/100
2026-01-15 13:07:46,273 | INFO | Fold 5, Epoch 65/100
2026-01-15 13:10:17,246 | INFO | Fold 5, Epoch 66/100
2026-01-15 13:12:48,391 | INFO | Fold 5, Epoch 67/100
2026-01-15 13:15:20,741 | INFO | Fold 5, Epoch 68/100
2026-01-15 13:17:53,836 | INFO | Fold 5, Epoch 69/100
2026-01-15 13:20:26,727 | INFO | Fold 5, Epoch 70/100
2026-01-15 13:23:01,881 | INFO | Fold 5, Epoch 71/100
2026-01-15 13:25:34,586 | INFO | Fold 5, Epoch 72/100
2026-01-15 13:28:10,648 | INFO | ✓ Fold 5: New best model! combined=0.9908
2026-01-15 13:28:10,650 | INFO | Fold 5, Epoch 73/100
2026-01-15 13:30:41,521 | INFO | Fold 5, Epoch 74/100
2026-01-15 13:33:12,612 | INFO | Fold 5, Epoch 75/100
2026-01-15 13:35:41,453 | INFO | Fold 5, Epoch 76/100
2026-01-15 13:38:14,016 | INFO | Fold 5, Epoch 77/100
2026-01-15 13:40:47,913 | INFO | Fold 5, Epoch 78/100
2026-01-15 13:43:21,746 | INFO | Fold 5, Epoch 79/100
2026-01-15 13:45:54,264 | INFO | Fold 5, Epoch 80/100
2026-01-15 13:48:27,686 | INFO | Fold 5, Epoch 81/100
2026-01-15 13:51:00,012 | INFO | Fold 5, Epoch 82/100
2026-01-15 13:53:33,654 | INFO | Fold 5, Epoch 83/100
2026-01-15 13:56:06,250 | INFO | Fold 5, Epoch 84/100
2026-01-15 13:58:39,537 | INFO | Fold 5, Epoch 85/100
2026-01-15 14:01:10,848 | INFO | Fold 5, Epoch 86/100
2026-01-15 14:03:44,421 | INFO | Fold 5, Epoch 87/100
2026-01-15 14:06:18,367 | INFO | Fold 5, Epoch 88/100
2026-01-15 14:08:52,986 | INFO | Fold 5, Epoch 89/100
2026-01-15 14:11:23,018 | INFO | Fold 5, Epoch 90/100
2026-01-15 14:13:57,079 | INFO | Fold 5, Epoch 91/100
2026-01-15 14:16:32,643 | INFO | Fold 5, Epoch 92/100
2026-01-15 14:19:02,568 | INFO | Fold 5, Epoch 93/100
2026-01-15 14:21:36,757 | INFO | Fold 5, Epoch 94/100
2026-01-15 14:24:09,154 | INFO | Fold 5, Epoch 95/100
2026-01-15 14:26:43,850 | INFO | Fold 5, Epoch 96/100
2026-01-15 14:29:20,128 | INFO | Fold 5, Epoch 97/100
2026-01-15 14:31:56,297 | INFO | Fold 5, Epoch 98/100
2026-01-15 14:34:28,707 | INFO | Fold 5, Epoch 99/100
2026-01-15 14:37:04,985 | INFO | Fold 5, Epoch 100/100
2026-01-15 14:39:40,981 | INFO | Loading best model for fold 5...
2026-01-15 14:39:43,932 | INFO | Fold 5: Final evaluation on test set
2026-01-15 14:40:43,798 | INFO | ✓ Saved test predictions to outputs/multitask_resnet50_crop5pct/20260114-170730_5fold/fold_5/test_predictions.npz
2026-01-15 14:40:43,848 | INFO | ✓ Saved test metadata to outputs/multitask_resnet50_crop5pct/20260114-170730_5fold/fold_5/test_metadata.jsonl
2026-01-15 14:40:43,848 | INFO | Fold 5 test results: total_loss:0.7544 | cls_loss:0.0268 | reg_loss:0.7277 | cls_accuracy:0.9925 | cls_precision:1.0000 | cls_recall:0.9849 | cls_f1:0.9924 | cls_auc:0.9999 | reg_mae:1.1311 | reg_rmse:1.4421 | reg_mse:2.0797 | combined:0.9860
2026-01-15 14:40:43,853 | INFO | ✓ Fold 5 complete!
2026-01-15 14:40:43,859 | INFO | 
================================================================================
2026-01-15 14:40:43,859 | INFO | CROSS-VALIDATION SUMMARY
2026-01-15 14:40:43,859 | INFO | ================================================================================

2026-01-15 14:40:43,860 | INFO | Mean ± Std across folds:
2026-01-15 14:40:43,860 | INFO |   total_loss: 0.8007 ± 0.0857
2026-01-15 14:40:43,860 | INFO |   cls_loss: 0.0327 ± 0.0103
2026-01-15 14:40:43,860 | INFO |   reg_loss: 0.7679 ± 0.0854
2026-01-15 14:40:43,860 | INFO |   cls_accuracy: 0.9925 ± 0.0010
2026-01-15 14:40:43,860 | INFO |   cls_precision: 0.9994 ± 0.0011
2026-01-15 14:40:43,860 | INFO |   cls_recall: 0.9854 ± 0.0028
2026-01-15 14:40:43,860 | INFO |   cls_f1: 0.9924 ± 0.0010
2026-01-15 14:40:43,860 | INFO |   cls_auc: 0.9998 ± 0.0001
2026-01-15 14:40:43,860 | INFO |   reg_mae: 1.1762 ± 0.0970
2026-01-15 14:40:43,860 | INFO |   reg_rmse: 1.4912 ± 0.1021
2026-01-15 14:40:43,860 | INFO |   reg_mse: 2.2340 ± 0.3061
2026-01-15 14:40:43,860 | INFO |   combined: 0.9856 ± 0.0007
2026-01-15 14:40:43,868 | INFO | 
✓ CV summary saved to outputs/multitask_resnet50_crop5pct/20260114-170730_5fold/cv_summary.json
2026-01-15 14:40:43,869 | INFO | 
================================================================================
2026-01-15 14:40:43,869 | INFO | GENERATING TEMPORAL GENERALIZATION ANALYSIS
2026-01-15 14:40:43,869 | INFO | ================================================================================
2026-01-15 14:40:43,873 | INFO | Processing fold 1/5...
2026-01-15 14:41:45,052 | INFO |   ✓ Saved fold 1 temporal metrics
2026-01-15 14:41:45,057 | INFO | Processing fold 2/5...
2026-01-15 14:42:43,715 | INFO |   ✓ Saved fold 2 temporal metrics
2026-01-15 14:42:43,720 | INFO | Processing fold 3/5...
2026-01-15 14:43:43,416 | INFO |   ✓ Saved fold 3 temporal metrics
2026-01-15 14:43:43,420 | INFO | Processing fold 4/5...
2026-01-15 14:44:42,228 | INFO |   ✓ Saved fold 4 temporal metrics
2026-01-15 14:44:42,231 | INFO | Processing fold 5/5...
2026-01-15 14:45:43,809 | INFO |   ✓ Saved fold 5 temporal metrics
2026-01-15 14:45:43,810 | INFO | Aggregating temporal results across 5 folds...
2026-01-15 14:45:43,816 | INFO | ✓ Saved CV temporal metrics to outputs/multitask_resnet50_crop5pct/20260114-170730_5fold/cv_temporal_metrics.json
2026-01-15 14:45:43,816 | INFO | Generating CV temporal generalization plot...
2026-01-15 14:45:44,540 | INFO | ✓ Temporal generalization analysis complete!
2026-01-15 14:45:44,543 | INFO | 
================================================================================
2026-01-15 14:45:44,544 | INFO | CROSS-VALIDATION COMPLETE!
2026-01-15 14:45:44,544 | INFO | ================================================================================
2026-01-15 14:45:44,544 | INFO | Results saved to: outputs/multitask_resnet50_crop5pct/20260114-170730_5fold
