2026-01-20 12:39:08,992 | INFO | ================================================================================
2026-01-20 12:39:08,992 | INFO | REGRESSION-ONLY MODEL - CROSS-VALIDATION TRAINING
2026-01-20 12:39:08,992 | INFO | ================================================================================
2026-01-20 12:39:08,992 | INFO | Number of folds: 5
2026-01-20 12:39:08,992 | INFO | Output directory: outputs/regression_mixed/20260120-123908_5fold
2026-01-20 12:39:08,996 | INFO | Random seed: 42
2026-01-20 12:39:08,996 | INFO | 
================================================================================
2026-01-20 12:39:08,996 | INFO | FOLD 1/5
2026-01-20 12:39:08,996 | INFO | ================================================================================

2026-01-20 12:39:09,028 | INFO | Device: cuda
2026-01-20 12:39:09,028 | INFO | Training on all samples (both infected and uninfected)
2026-01-20 12:39:09,028 | INFO | Infection onset: 1.0h
2026-01-20 12:39:09,028 | INFO | Clamp range: (0.0, 48.0)
2026-01-20 12:39:09,028 | INFO | Building datasets for fold 1...
2026-01-20 12:39:09,742 | INFO | Fold 1 - Train: 4048, Val: 1104, Test: 1472
2026-01-20 12:39:10,298 | INFO | Model: ResNetRegressor
2026-01-20 12:39:10,298 | INFO | Total parameters: 24,032,833
2026-01-20 12:39:10,304 | INFO | Training fold 1 for 100 epochs...
2026-01-20 12:39:10,305 | INFO | Primary metric: reg_mae (lower is better)
2026-01-20 12:39:10,305 | INFO | Fold 1, Epoch 1/100
2026-01-20 12:41:07,458 | INFO |   Train loss: 15.7794
2026-01-20 12:41:45,065 | INFO |   Val: loss:9.0200 | reg_mae:9.5055 | reg_rmse:11.9820 | reg_mse:143.5676
2026-01-20 12:41:47,301 | INFO | ✓ Fold 1: New best model! reg_mae=9.5055
2026-01-20 12:41:47,301 | INFO | Fold 1, Epoch 2/100
2026-01-20 12:43:47,236 | INFO |   Train loss: 3.7520
2026-01-20 12:44:26,743 | INFO |   Val: loss:6.7046 | reg_mae:7.1918 | reg_rmse:8.8506 | reg_mse:78.3338
2026-01-20 12:44:28,562 | INFO | ✓ Fold 1: New best model! reg_mae=7.1918
2026-01-20 12:44:28,563 | INFO | Fold 1, Epoch 3/100
2026-01-20 12:46:26,620 | INFO |   Train loss: 2.4145
2026-01-20 12:47:07,014 | INFO |   Val: loss:3.4028 | reg_mae:3.8762 | reg_rmse:4.7513 | reg_mse:22.5745
2026-01-20 12:47:08,725 | INFO | ✓ Fold 1: New best model! reg_mae=3.8762
2026-01-20 12:47:08,725 | INFO | Fold 1, Epoch 4/100
2026-01-20 12:49:06,899 | INFO |   Train loss: 2.1062
2026-01-20 12:49:47,210 | INFO |   Val: loss:3.4219 | reg_mae:3.9081 | reg_rmse:4.7066 | reg_mse:22.1523
2026-01-20 12:49:47,210 | INFO | Fold 1, Epoch 5/100
2026-01-20 12:51:49,064 | INFO |   Train loss: 2.0715
2026-01-20 12:52:29,922 | INFO |   Val: loss:1.5913 | reg_mae:2.0335 | reg_rmse:2.7643 | reg_mse:7.6414
2026-01-20 12:52:31,638 | INFO | ✓ Fold 1: New best model! reg_mae=2.0335
2026-01-20 12:52:31,638 | INFO | Fold 1, Epoch 6/100
2026-01-20 12:54:32,165 | INFO |   Train loss: 2.0153
2026-01-20 12:55:11,661 | INFO |   Val: loss:2.4988 | reg_mae:2.9708 | reg_rmse:3.6085 | reg_mse:13.0216
2026-01-20 12:55:11,661 | INFO | Fold 1, Epoch 7/100
2026-01-20 12:57:09,594 | INFO |   Train loss: 1.7811
2026-01-20 12:57:50,233 | INFO |   Val: loss:2.5086 | reg_mae:2.9507 | reg_rmse:4.3280 | reg_mse:18.7316
2026-01-20 12:57:50,234 | INFO | Fold 1, Epoch 8/100
2026-01-20 12:59:51,145 | INFO |   Train loss: 1.6546
2026-01-20 13:00:30,625 | INFO |   Val: loss:2.4971 | reg_mae:2.9765 | reg_rmse:3.5554 | reg_mse:12.6406
2026-01-20 13:00:30,625 | INFO | Fold 1, Epoch 9/100
2026-01-20 13:02:30,928 | INFO |   Train loss: 1.7462
2026-01-20 13:03:11,194 | INFO |   Val: loss:1.8009 | reg_mae:2.2546 | reg_rmse:2.8434 | reg_mse:8.0847
2026-01-20 13:03:11,194 | INFO | Fold 1, Epoch 10/100
2026-01-20 13:05:08,344 | INFO |   Train loss: 1.6254
2026-01-20 13:05:47,969 | INFO |   Val: loss:3.6092 | reg_mae:4.0953 | reg_rmse:4.9882 | reg_mse:24.8820
2026-01-20 13:05:47,970 | INFO | Fold 1, Epoch 11/100
2026-01-20 13:07:47,633 | INFO |   Train loss: 1.5516
2026-01-20 13:08:27,431 | INFO |   Val: loss:1.8494 | reg_mae:2.3043 | reg_rmse:2.8469 | reg_mse:8.1047
2026-01-20 13:08:27,431 | INFO | Fold 1, Epoch 12/100
2026-01-20 13:10:25,748 | INFO |   Train loss: 1.5491
2026-01-20 13:11:06,486 | INFO |   Val: loss:1.1191 | reg_mae:1.5370 | reg_rmse:2.1865 | reg_mse:4.7806
2026-01-20 13:11:08,296 | INFO | ✓ Fold 1: New best model! reg_mae=1.5370
2026-01-20 13:11:08,296 | INFO | Fold 1, Epoch 13/100
2026-01-20 13:13:03,655 | INFO |   Train loss: 1.4765
2026-01-20 13:13:43,151 | INFO |   Val: loss:2.7193 | reg_mae:3.1866 | reg_rmse:4.0799 | reg_mse:16.6455
2026-01-20 13:13:43,151 | INFO | Fold 1, Epoch 14/100
2026-01-20 13:15:43,555 | INFO |   Train loss: 1.5311
2026-01-20 13:16:22,910 | INFO |   Val: loss:2.2638 | reg_mae:2.7156 | reg_rmse:3.8185 | reg_mse:14.5810
2026-01-20 13:16:22,911 | INFO | Fold 1, Epoch 15/100
2026-01-20 13:18:21,249 | INFO |   Train loss: 1.4923
2026-01-20 13:19:00,828 | INFO |   Val: loss:1.8082 | reg_mae:2.2461 | reg_rmse:3.0008 | reg_mse:9.0050
2026-01-20 13:19:00,828 | INFO | Fold 1, Epoch 16/100
2026-01-20 13:20:59,889 | INFO |   Train loss: 1.4819
2026-01-20 13:21:39,521 | INFO |   Val: loss:1.7314 | reg_mae:2.1913 | reg_rmse:2.7175 | reg_mse:7.3848
2026-01-20 13:21:39,521 | INFO | Fold 1, Epoch 17/100
2026-01-20 13:23:33,828 | INFO |   Train loss: 1.3445
2026-01-20 13:24:12,937 | INFO |   Val: loss:1.8105 | reg_mae:2.2728 | reg_rmse:2.9794 | reg_mse:8.8768
2026-01-20 13:24:12,937 | INFO | Fold 1, Epoch 18/100
2026-01-20 13:26:13,466 | INFO |   Train loss: 1.4175
2026-01-20 13:26:53,980 | INFO |   Val: loss:1.1856 | reg_mae:1.6320 | reg_rmse:2.0284 | reg_mse:4.1143
2026-01-20 13:26:53,980 | INFO | Fold 1, Epoch 19/100
2026-01-20 13:28:52,474 | INFO |   Train loss: 1.2919
2026-01-20 13:29:31,394 | INFO |   Val: loss:2.4906 | reg_mae:2.9610 | reg_rmse:3.7440 | reg_mse:14.0178
2026-01-20 13:29:31,394 | INFO | Fold 1, Epoch 20/100
2026-01-20 13:31:30,638 | INFO |   Train loss: 1.3908
2026-01-20 13:32:10,494 | INFO |   Val: loss:0.9957 | reg_mae:1.4252 | reg_rmse:1.9754 | reg_mse:3.9021
2026-01-20 13:32:12,354 | INFO | ✓ Fold 1: New best model! reg_mae=1.4252
2026-01-20 13:32:12,354 | INFO | Fold 1, Epoch 21/100
2026-01-20 13:34:10,077 | INFO |   Train loss: 1.5375
2026-01-20 13:34:49,205 | INFO |   Val: loss:1.8417 | reg_mae:2.2708 | reg_rmse:3.2957 | reg_mse:10.8615
2026-01-20 13:34:49,205 | INFO | Fold 1, Epoch 22/100
2026-01-20 13:36:45,605 | INFO |   Train loss: 1.4073
2026-01-20 13:37:24,642 | INFO |   Val: loss:0.9222 | reg_mae:1.3557 | reg_rmse:1.7305 | reg_mse:2.9947
2026-01-20 13:37:26,227 | INFO | ✓ Fold 1: New best model! reg_mae=1.3557
2026-01-20 13:37:26,227 | INFO | Fold 1, Epoch 23/100
2026-01-20 13:39:23,802 | INFO |   Train loss: 1.3645
2026-01-20 13:40:03,535 | INFO |   Val: loss:1.3178 | reg_mae:1.7566 | reg_rmse:2.3700 | reg_mse:5.6167
2026-01-20 13:40:03,536 | INFO | Fold 1, Epoch 24/100
2026-01-20 13:42:03,875 | INFO |   Train loss: 1.4367
2026-01-20 13:42:43,227 | INFO |   Val: loss:1.0248 | reg_mae:1.4358 | reg_rmse:1.9517 | reg_mse:3.8091
2026-01-20 13:42:43,227 | INFO | Fold 1, Epoch 25/100
2026-01-20 13:44:39,825 | INFO |   Train loss: 1.3223
2026-01-20 13:45:19,533 | INFO |   Val: loss:1.4338 | reg_mae:1.8559 | reg_rmse:2.5818 | reg_mse:6.6655
2026-01-20 13:45:19,533 | INFO | Fold 1, Epoch 26/100
2026-01-20 13:47:16,328 | INFO |   Train loss: 1.2553
2026-01-20 13:47:55,378 | INFO |   Val: loss:1.7225 | reg_mae:2.1801 | reg_rmse:2.8081 | reg_mse:7.8853
2026-01-20 13:47:55,379 | INFO | Fold 1, Epoch 27/100
2026-01-20 13:49:55,677 | INFO |   Train loss: 1.2921
2026-01-20 13:50:36,544 | INFO |   Val: loss:1.1037 | reg_mae:1.5357 | reg_rmse:2.0330 | reg_mse:4.1331
2026-01-20 13:50:36,544 | INFO | Fold 1, Epoch 28/100
2026-01-20 13:52:33,104 | INFO |   Train loss: 1.2725
2026-01-20 13:53:12,480 | INFO |   Val: loss:1.1173 | reg_mae:1.5345 | reg_rmse:2.1171 | reg_mse:4.4822
2026-01-20 13:53:12,480 | INFO | Fold 1, Epoch 29/100
2026-01-20 13:55:11,461 | INFO |   Train loss: 1.1922
2026-01-20 13:55:51,940 | INFO |   Val: loss:1.3990 | reg_mae:1.8227 | reg_rmse:2.5739 | reg_mse:6.6248
2026-01-20 13:55:51,940 | INFO | Fold 1, Epoch 30/100
2026-01-20 13:57:51,340 | INFO |   Train loss: 1.3097
2026-01-20 13:58:32,262 | INFO |   Val: loss:1.4183 | reg_mae:1.8482 | reg_rmse:2.4970 | reg_mse:6.2352
2026-01-20 13:58:32,263 | INFO | Fold 1, Epoch 31/100
2026-01-20 14:00:34,127 | INFO |   Train loss: 1.4729
2026-01-20 14:01:13,933 | INFO |   Val: loss:1.4277 | reg_mae:1.8490 | reg_rmse:2.4965 | reg_mse:6.2326
2026-01-20 14:01:13,933 | INFO | Fold 1, Epoch 32/100
2026-01-20 14:03:16,120 | INFO |   Train loss: 1.2714
2026-01-20 14:03:54,160 | INFO |   Val: loss:0.7606 | reg_mae:1.1568 | reg_rmse:1.6161 | reg_mse:2.6117
2026-01-20 14:03:55,898 | INFO | ✓ Fold 1: New best model! reg_mae=1.1568
2026-01-20 14:03:55,898 | INFO | Fold 1, Epoch 33/100
2026-01-20 14:05:53,149 | INFO |   Train loss: 1.2097
2026-01-20 14:06:32,359 | INFO |   Val: loss:1.3588 | reg_mae:1.7864 | reg_rmse:2.3755 | reg_mse:5.6429
2026-01-20 14:06:32,359 | INFO | Fold 1, Epoch 34/100
2026-01-20 14:08:30,882 | INFO |   Train loss: 1.1750
2026-01-20 14:09:09,673 | INFO |   Val: loss:1.1109 | reg_mae:1.5347 | reg_rmse:1.9884 | reg_mse:3.9536
2026-01-20 14:09:09,673 | INFO | Fold 1, Epoch 35/100
2026-01-20 14:11:08,213 | INFO |   Train loss: 1.1364
2026-01-20 14:11:47,360 | INFO |   Val: loss:0.9642 | reg_mae:1.3797 | reg_rmse:1.8728 | reg_mse:3.5074
2026-01-20 14:11:47,360 | INFO | Fold 1, Epoch 36/100
2026-01-20 14:13:44,961 | INFO |   Train loss: 1.1364
2026-01-20 14:14:24,253 | INFO |   Val: loss:0.9504 | reg_mae:1.3750 | reg_rmse:1.7493 | reg_mse:3.0600
2026-01-20 14:14:24,253 | INFO | Fold 1, Epoch 37/100
2026-01-20 14:16:19,746 | INFO |   Train loss: 1.1803
2026-01-20 14:16:59,168 | INFO |   Val: loss:1.0768 | reg_mae:1.4942 | reg_rmse:2.0156 | reg_mse:4.0625
2026-01-20 14:16:59,169 | INFO | Fold 1, Epoch 38/100
2026-01-20 14:18:58,239 | INFO |   Train loss: 1.1029
2026-01-20 14:19:37,473 | INFO |   Val: loss:1.0899 | reg_mae:1.5173 | reg_rmse:2.0476 | reg_mse:4.1925
2026-01-20 14:19:37,473 | INFO | Fold 1, Epoch 39/100
2026-01-20 14:21:34,774 | INFO |   Train loss: 1.1559
2026-01-20 14:22:14,172 | INFO |   Val: loss:1.4648 | reg_mae:1.8819 | reg_rmse:2.6761 | reg_mse:7.1616
2026-01-20 14:22:14,172 | INFO | Fold 1, Epoch 40/100
2026-01-20 14:24:13,291 | INFO |   Train loss: 1.1272
2026-01-20 14:24:52,582 | INFO |   Val: loss:0.8906 | reg_mae:1.3081 | reg_rmse:1.7104 | reg_mse:2.9255
2026-01-20 14:24:52,583 | INFO | Fold 1, Epoch 41/100
2026-01-20 14:26:51,431 | INFO |   Train loss: 1.0991
2026-01-20 14:27:30,731 | INFO |   Val: loss:1.4387 | reg_mae:1.8904 | reg_rmse:2.3953 | reg_mse:5.7376
2026-01-20 14:27:30,731 | INFO | Fold 1, Epoch 42/100
2026-01-20 14:29:31,382 | INFO |   Train loss: 1.0243
2026-01-20 14:30:10,680 | INFO |   Val: loss:1.1715 | reg_mae:1.6028 | reg_rmse:2.1870 | reg_mse:4.7829
2026-01-20 14:30:10,680 | INFO | Fold 1, Epoch 43/100
2026-01-20 14:32:08,779 | INFO |   Train loss: 1.0399
2026-01-20 14:32:48,032 | INFO |   Val: loss:0.8443 | reg_mae:1.2523 | reg_rmse:1.7189 | reg_mse:2.9546
2026-01-20 14:32:48,032 | INFO | Fold 1, Epoch 44/100
2026-01-20 14:34:43,944 | INFO |   Train loss: 1.0671
2026-01-20 14:35:23,509 | INFO |   Val: loss:0.9034 | reg_mae:1.3179 | reg_rmse:1.7962 | reg_mse:3.2262
2026-01-20 14:35:23,509 | INFO | Fold 1, Epoch 45/100
2026-01-20 14:37:21,115 | INFO |   Train loss: 1.0500
2026-01-20 14:38:00,607 | INFO |   Val: loss:0.7706 | reg_mae:1.1660 | reg_rmse:1.5894 | reg_mse:2.5263
2026-01-20 14:38:00,608 | INFO | Fold 1, Epoch 46/100
2026-01-20 14:39:56,682 | INFO |   Train loss: 0.9921
2026-01-20 14:40:35,776 | INFO |   Val: loss:0.8100 | reg_mae:1.2101 | reg_rmse:1.7181 | reg_mse:2.9519
2026-01-20 14:40:35,776 | INFO | Fold 1, Epoch 47/100
2026-01-20 14:42:33,617 | INFO |   Train loss: 1.1145
2026-01-20 14:43:12,975 | INFO |   Val: loss:1.0257 | reg_mae:1.4467 | reg_rmse:2.0010 | reg_mse:4.0039
2026-01-20 14:43:12,975 | INFO | Fold 1, Epoch 48/100
2026-01-20 14:45:11,121 | INFO |   Train loss: 0.9708
2026-01-20 14:45:49,436 | INFO |   Val: loss:1.4662 | reg_mae:1.9173 | reg_rmse:2.3953 | reg_mse:5.7377
2026-01-20 14:45:49,436 | INFO | Fold 1, Epoch 49/100
2026-01-20 14:47:48,011 | INFO |   Train loss: 1.0498
2026-01-20 14:48:27,326 | INFO |   Val: loss:1.1577 | reg_mae:1.5957 | reg_rmse:2.0489 | reg_mse:4.1981
2026-01-20 14:48:27,326 | INFO | Fold 1, Epoch 50/100
2026-01-20 14:50:29,211 | INFO |   Train loss: 1.0050
2026-01-20 14:51:08,580 | INFO |   Val: loss:1.1063 | reg_mae:1.5431 | reg_rmse:2.0014 | reg_mse:4.0057
2026-01-20 14:51:08,580 | INFO | Fold 1, Epoch 51/100
2026-01-20 14:53:07,454 | INFO |   Train loss: 1.0009
2026-01-20 14:53:46,985 | INFO |   Val: loss:0.8821 | reg_mae:1.2900 | reg_rmse:1.7710 | reg_mse:3.1364
2026-01-20 14:53:46,985 | INFO | Fold 1, Epoch 52/100
2026-01-20 14:55:46,084 | INFO |   Train loss: 0.9749
2026-01-20 14:56:25,385 | INFO |   Val: loss:1.0455 | reg_mae:1.4640 | reg_rmse:2.0011 | reg_mse:4.0045
2026-01-20 14:56:25,385 | INFO | Fold 1, Epoch 53/100
2026-01-20 14:58:23,653 | INFO |   Train loss: 0.9177
2026-01-20 14:59:03,106 | INFO |   Val: loss:0.8436 | reg_mae:1.2563 | reg_rmse:1.6534 | reg_mse:2.7336
2026-01-20 14:59:03,106 | INFO | Fold 1, Epoch 54/100
2026-01-20 15:01:02,851 | INFO |   Train loss: 0.8905
2026-01-20 15:01:42,892 | INFO |   Val: loss:0.9968 | reg_mae:1.4238 | reg_rmse:1.8016 | reg_mse:3.2458
2026-01-20 15:01:42,892 | INFO | Fold 1, Epoch 55/100
2026-01-20 15:03:39,882 | INFO |   Train loss: 0.9246
2026-01-20 15:04:19,470 | INFO |   Val: loss:0.7077 | reg_mae:1.1041 | reg_rmse:1.4646 | reg_mse:2.1451
2026-01-20 15:04:21,150 | INFO | ✓ Fold 1: New best model! reg_mae=1.1041
2026-01-20 15:04:21,150 | INFO | Fold 1, Epoch 56/100
2026-01-20 15:06:20,283 | INFO |   Train loss: 0.9591
2026-01-20 15:06:59,893 | INFO |   Val: loss:0.7456 | reg_mae:1.1576 | reg_rmse:1.4806 | reg_mse:2.1923
2026-01-20 15:06:59,893 | INFO | Fold 1, Epoch 57/100
2026-01-20 15:09:01,339 | INFO |   Train loss: 0.8729
2026-01-20 15:09:42,231 | INFO |   Val: loss:0.9209 | reg_mae:1.3406 | reg_rmse:1.7536 | reg_mse:3.0750
2026-01-20 15:09:42,231 | INFO | Fold 1, Epoch 58/100
2026-01-20 15:11:39,319 | INFO |   Train loss: 0.8948
2026-01-20 15:12:19,230 | INFO |   Val: loss:0.8806 | reg_mae:1.3024 | reg_rmse:1.6647 | reg_mse:2.7714
2026-01-20 15:12:19,230 | INFO | Fold 1, Epoch 59/100
2026-01-20 15:14:18,564 | INFO |   Train loss: 0.9373
2026-01-20 15:14:59,535 | INFO |   Val: loss:0.9984 | reg_mae:1.4229 | reg_rmse:1.8930 | reg_mse:3.5834
2026-01-20 15:14:59,535 | INFO | Fold 1, Epoch 60/100
2026-01-20 15:16:58,531 | INFO |   Train loss: 0.8793
2026-01-20 15:17:39,638 | INFO |   Val: loss:1.3859 | reg_mae:1.8280 | reg_rmse:2.3044 | reg_mse:5.3101
2026-01-20 15:17:39,638 | INFO | Fold 1, Epoch 61/100
2026-01-20 15:19:41,030 | INFO |   Train loss: 0.8780
2026-01-20 15:20:20,363 | INFO |   Val: loss:0.6954 | reg_mae:1.0855 | reg_rmse:1.5651 | reg_mse:2.4494
2026-01-20 15:20:22,134 | INFO | ✓ Fold 1: New best model! reg_mae=1.0855
2026-01-20 15:20:22,134 | INFO | Fold 1, Epoch 62/100
2026-01-20 15:22:18,322 | INFO |   Train loss: 0.8241
2026-01-20 15:22:57,903 | INFO |   Val: loss:0.6298 | reg_mae:1.0217 | reg_rmse:1.3745 | reg_mse:1.8892
2026-01-20 15:22:59,754 | INFO | ✓ Fold 1: New best model! reg_mae=1.0217
2026-01-20 15:22:59,754 | INFO | Fold 1, Epoch 63/100
2026-01-20 15:24:59,823 | INFO |   Train loss: 0.8552
2026-01-20 15:25:39,171 | INFO |   Val: loss:0.7497 | reg_mae:1.1495 | reg_rmse:1.5928 | reg_mse:2.5370
2026-01-20 15:25:39,171 | INFO | Fold 1, Epoch 64/100
2026-01-20 15:27:39,429 | INFO |   Train loss: 0.8425
2026-01-20 15:28:18,493 | INFO |   Val: loss:0.7985 | reg_mae:1.2055 | reg_rmse:1.6237 | reg_mse:2.6365
2026-01-20 15:28:18,494 | INFO | Fold 1, Epoch 65/100
2026-01-20 15:30:18,651 | INFO |   Train loss: 0.8476
2026-01-20 15:30:57,047 | INFO |   Val: loss:0.8309 | reg_mae:1.2375 | reg_rmse:1.7202 | reg_mse:2.9592
2026-01-20 15:30:57,047 | INFO | Fold 1, Epoch 66/100
2026-01-20 15:32:56,840 | INFO |   Train loss: 0.9208
2026-01-20 15:33:36,853 | INFO |   Val: loss:0.6846 | reg_mae:1.0820 | reg_rmse:1.4333 | reg_mse:2.0544
2026-01-20 15:33:36,853 | INFO | Fold 1, Epoch 67/100
2026-01-20 15:35:36,165 | INFO |   Train loss: 0.8465
2026-01-20 15:36:15,778 | INFO |   Val: loss:0.8894 | reg_mae:1.3152 | reg_rmse:1.6657 | reg_mse:2.7746
2026-01-20 15:36:15,778 | INFO | Fold 1, Epoch 68/100
2026-01-20 15:38:16,999 | INFO |   Train loss: 0.7930
2026-01-20 15:38:56,618 | INFO |   Val: loss:0.6840 | reg_mae:1.0793 | reg_rmse:1.4898 | reg_mse:2.2194
2026-01-20 15:38:56,619 | INFO | Fold 1, Epoch 69/100
2026-01-20 15:40:55,949 | INFO |   Train loss: 0.8581
2026-01-20 15:41:35,516 | INFO |   Val: loss:0.7053 | reg_mae:1.1017 | reg_rmse:1.5114 | reg_mse:2.2843
2026-01-20 15:41:35,516 | INFO | Fold 1, Epoch 70/100
2026-01-20 15:43:33,302 | INFO |   Train loss: 0.8060
2026-01-20 15:44:12,814 | INFO |   Val: loss:0.6543 | reg_mae:1.0476 | reg_rmse:1.4376 | reg_mse:2.0666
2026-01-20 15:44:12,814 | INFO | Fold 1, Epoch 71/100
2026-01-20 15:46:10,297 | INFO |   Train loss: 0.7681
2026-01-20 15:46:49,919 | INFO |   Val: loss:0.8517 | reg_mae:1.2632 | reg_rmse:1.6886 | reg_mse:2.8512
2026-01-20 15:46:49,919 | INFO | Fold 1, Epoch 72/100
2026-01-20 15:48:49,984 | INFO |   Train loss: 0.7845
2026-01-20 15:49:29,493 | INFO |   Val: loss:0.7008 | reg_mae:1.0968 | reg_rmse:1.5154 | reg_mse:2.2964
2026-01-20 15:49:29,493 | INFO | Fold 1, Epoch 73/100
2026-01-20 15:51:26,072 | INFO |   Train loss: 0.7615
2026-01-20 15:52:08,474 | INFO |   Val: loss:0.5957 | reg_mae:0.9809 | reg_rmse:1.3397 | reg_mse:1.7947
2026-01-20 15:52:10,086 | INFO | ✓ Fold 1: New best model! reg_mae=0.9809
2026-01-20 15:52:10,087 | INFO | Fold 1, Epoch 74/100
2026-01-20 15:54:07,911 | INFO |   Train loss: 0.8067
2026-01-20 15:54:46,577 | INFO |   Val: loss:0.7548 | reg_mae:1.1596 | reg_rmse:1.5998 | reg_mse:2.5592
2026-01-20 15:54:46,577 | INFO | Fold 1, Epoch 75/100
2026-01-20 15:56:47,029 | INFO |   Train loss: 0.7589
2026-01-20 15:57:26,586 | INFO |   Val: loss:0.9130 | reg_mae:1.3259 | reg_rmse:1.7667 | reg_mse:3.1211
2026-01-20 15:57:26,586 | INFO | Fold 1, Epoch 76/100
2026-01-20 15:59:24,819 | INFO |   Train loss: 0.7812
2026-01-20 16:00:03,819 | INFO |   Val: loss:0.9156 | reg_mae:1.3311 | reg_rmse:1.7568 | reg_mse:3.0863
2026-01-20 16:00:03,819 | INFO | Fold 1, Epoch 77/100
2026-01-20 16:01:59,644 | INFO |   Train loss: 0.7932
2026-01-20 16:02:40,798 | INFO |   Val: loss:0.6312 | reg_mae:1.0220 | reg_rmse:1.4059 | reg_mse:1.9766
2026-01-20 16:02:40,798 | INFO | Fold 1, Epoch 78/100
2026-01-20 16:04:37,253 | INFO |   Train loss: 0.7687
2026-01-20 16:05:16,722 | INFO |   Val: loss:0.7894 | reg_mae:1.2006 | reg_rmse:1.5624 | reg_mse:2.4412
2026-01-20 16:05:16,722 | INFO | Fold 1, Epoch 79/100
2026-01-20 16:07:11,218 | INFO |   Train loss: 0.7540
2026-01-20 16:07:50,878 | INFO |   Val: loss:0.7553 | reg_mae:1.1615 | reg_rmse:1.5685 | reg_mse:2.4602
2026-01-20 16:07:50,879 | INFO | Fold 1, Epoch 80/100
2026-01-20 16:09:50,179 | INFO |   Train loss: 0.7473
2026-01-20 16:10:29,400 | INFO |   Val: loss:0.6580 | reg_mae:1.0525 | reg_rmse:1.4473 | reg_mse:2.0946
2026-01-20 16:10:29,400 | INFO | Fold 1, Epoch 81/100
2026-01-20 16:12:23,853 | INFO |   Train loss: 0.7176
2026-01-20 16:13:03,502 | INFO |   Val: loss:0.7655 | reg_mae:1.1728 | reg_rmse:1.5712 | reg_mse:2.4686
2026-01-20 16:13:03,502 | INFO | Fold 1, Epoch 82/100
2026-01-20 16:15:02,441 | INFO |   Train loss: 0.7246
2026-01-20 16:15:40,220 | INFO |   Val: loss:0.7508 | reg_mae:1.1576 | reg_rmse:1.5940 | reg_mse:2.5407
2026-01-20 16:15:40,220 | INFO | Fold 1, Epoch 83/100
2026-01-20 16:17:40,060 | INFO |   Train loss: 0.7366
2026-01-20 16:18:19,557 | INFO |   Val: loss:0.7203 | reg_mae:1.1214 | reg_rmse:1.5508 | reg_mse:2.4048
2026-01-20 16:18:19,557 | INFO | Fold 1, Epoch 84/100
2026-01-20 16:20:16,005 | INFO |   Train loss: 0.6919
2026-01-20 16:20:55,130 | INFO |   Val: loss:0.8016 | reg_mae:1.2017 | reg_rmse:1.6537 | reg_mse:2.7346
2026-01-20 16:20:55,130 | INFO | Fold 1, Epoch 85/100
2026-01-20 16:22:52,078 | INFO |   Train loss: 0.7418
2026-01-20 16:23:32,307 | INFO |   Val: loss:0.7381 | reg_mae:1.1418 | reg_rmse:1.5366 | reg_mse:2.3611
2026-01-20 16:23:32,307 | INFO | Fold 1, Epoch 86/100
2026-01-20 16:25:29,698 | INFO |   Train loss: 0.7272
2026-01-20 16:26:09,910 | INFO |   Val: loss:0.7549 | reg_mae:1.1542 | reg_rmse:1.5431 | reg_mse:2.3813
2026-01-20 16:26:09,910 | INFO | Fold 1, Epoch 87/100
2026-01-20 16:28:11,914 | INFO |   Train loss: 0.7214
2026-01-20 16:28:51,050 | INFO |   Val: loss:0.7646 | reg_mae:1.1691 | reg_rmse:1.5762 | reg_mse:2.4845
2026-01-20 16:28:51,050 | INFO | Fold 1, Epoch 88/100
2026-01-20 16:30:51,149 | INFO |   Train loss: 0.7081
2026-01-20 16:31:30,591 | INFO |   Val: loss:0.7700 | reg_mae:1.1712 | reg_rmse:1.5903 | reg_mse:2.5289
2026-01-20 16:31:30,591 | INFO | Fold 1, Epoch 89/100
2026-01-20 16:33:26,371 | INFO |   Train loss: 0.7034
2026-01-20 16:34:07,289 | INFO |   Val: loss:0.6968 | reg_mae:1.0949 | reg_rmse:1.5154 | reg_mse:2.2963
2026-01-20 16:34:07,289 | INFO | Fold 1, Epoch 90/100
2026-01-20 16:36:04,540 | INFO |   Train loss: 0.6975
2026-01-20 16:36:43,609 | INFO |   Val: loss:0.7607 | reg_mae:1.1593 | reg_rmse:1.5679 | reg_mse:2.4584
2026-01-20 16:36:43,609 | INFO | Fold 1, Epoch 91/100
2026-01-20 16:38:38,157 | INFO |   Train loss: 0.6829
2026-01-20 16:39:18,917 | INFO |   Val: loss:0.6555 | reg_mae:1.0498 | reg_rmse:1.4418 | reg_mse:2.0788
2026-01-20 16:39:18,917 | INFO | Fold 1, Epoch 92/100
2026-01-20 16:41:17,120 | INFO |   Train loss: 0.7046
2026-01-20 16:41:59,285 | INFO |   Val: loss:0.6819 | reg_mae:1.0772 | reg_rmse:1.4848 | reg_mse:2.2045
2026-01-20 16:41:59,285 | INFO | Fold 1, Epoch 93/100
2026-01-20 16:43:57,575 | INFO |   Train loss: 0.7287
2026-01-20 16:44:37,436 | INFO |   Val: loss:0.6588 | reg_mae:1.0552 | reg_rmse:1.4481 | reg_mse:2.0970
2026-01-20 16:44:37,436 | INFO | Fold 1, Epoch 94/100
2026-01-20 16:46:37,042 | INFO |   Train loss: 0.6919
2026-01-20 16:47:15,960 | INFO |   Val: loss:0.7070 | reg_mae:1.1059 | reg_rmse:1.5108 | reg_mse:2.2825
2026-01-20 16:47:15,961 | INFO | Fold 1, Epoch 95/100
2026-01-20 16:49:14,727 | INFO |   Train loss: 0.6728
2026-01-20 16:49:53,046 | INFO |   Val: loss:0.7237 | reg_mae:1.1224 | reg_rmse:1.5325 | reg_mse:2.3486
2026-01-20 16:49:53,046 | INFO | Fold 1, Epoch 96/100
2026-01-20 16:51:51,224 | INFO |   Train loss: 0.6879
2026-01-20 16:52:30,262 | INFO |   Val: loss:0.6959 | reg_mae:1.0924 | reg_rmse:1.4999 | reg_mse:2.2497
2026-01-20 16:52:30,263 | INFO | Fold 1, Epoch 97/100
2026-01-20 16:54:29,970 | INFO |   Train loss: 0.6671
2026-01-20 16:55:11,671 | INFO |   Val: loss:0.6697 | reg_mae:1.0654 | reg_rmse:1.4395 | reg_mse:2.0721
2026-01-20 16:55:11,671 | INFO | Fold 1, Epoch 98/100
2026-01-20 16:57:11,039 | INFO |   Train loss: 0.6808
2026-01-20 16:57:53,212 | INFO |   Val: loss:0.6966 | reg_mae:1.0918 | reg_rmse:1.5202 | reg_mse:2.3110
2026-01-20 16:57:53,212 | INFO | Fold 1, Epoch 99/100
2026-01-20 16:59:49,874 | INFO |   Train loss: 0.6921
2026-01-20 17:00:30,357 | INFO |   Val: loss:0.6844 | reg_mae:1.0807 | reg_rmse:1.4785 | reg_mse:2.1860
2026-01-20 17:00:30,357 | INFO | Fold 1, Epoch 100/100
2026-01-20 17:02:27,346 | INFO |   Train loss: 0.7240
2026-01-20 17:03:05,794 | INFO |   Val: loss:0.6891 | reg_mae:1.0822 | reg_rmse:1.4899 | reg_mse:2.2199
2026-01-20 17:03:05,795 | INFO | Loading best model for fold 1...
2026-01-20 17:03:07,031 | INFO | Fold 1: Final evaluation on test set
2026-01-20 17:04:05,822 | INFO | Fold 1 test results: loss:0.7022 | reg_mae:1.1044 | reg_rmse:1.3993 | reg_mse:1.9582
2026-01-20 17:04:05,830 | INFO | ✓ Saved test predictions to outputs/regression_mixed/20260120-123908_5fold/fold_1/test_predictions.npz
2026-01-20 17:04:05,842 | INFO | ✓ Saved test metadata to outputs/regression_mixed/20260120-123908_5fold/fold_1/test_metadata.jsonl
2026-01-20 17:04:05,845 | INFO | ✓ Fold 1 complete!
2026-01-20 17:04:05,848 | INFO | 
================================================================================
2026-01-20 17:04:05,848 | INFO | FOLD 2/5
2026-01-20 17:04:05,848 | INFO | ================================================================================

2026-01-20 17:04:05,849 | INFO | Device: cuda
2026-01-20 17:04:05,849 | INFO | Training on all samples (both infected and uninfected)
2026-01-20 17:04:05,849 | INFO | Infection onset: 1.0h
2026-01-20 17:04:05,849 | INFO | Clamp range: (0.0, 48.0)
2026-01-20 17:04:05,849 | INFO | Building datasets for fold 2...
2026-01-20 17:04:06,475 | INFO | Fold 2 - Train: 4141, Val: 1011, Test: 1472
2026-01-20 17:04:06,895 | INFO | Model: ResNetRegressor
2026-01-20 17:04:06,896 | INFO | Total parameters: 24,032,833
2026-01-20 17:04:06,903 | INFO | Training fold 2 for 100 epochs...
2026-01-20 17:04:06,903 | INFO | Primary metric: reg_mae (lower is better)
2026-01-20 17:04:06,903 | INFO | Fold 2, Epoch 1/100
2026-01-20 17:06:12,375 | INFO |   Train loss: 16.6420
2026-01-20 17:06:45,517 | INFO |   Val: loss:7.8906 | reg_mae:8.3788 | reg_rmse:10.3067 | reg_mse:106.2282
2026-01-20 17:06:47,271 | INFO | ✓ Fold 2: New best model! reg_mae=8.3788
2026-01-20 17:06:47,271 | INFO | Fold 2, Epoch 2/100
2026-01-20 17:08:46,499 | INFO |   Train loss: 4.6114
2026-01-20 17:09:19,597 | INFO |   Val: loss:3.0123 | reg_mae:3.4875 | reg_rmse:4.6053 | reg_mse:21.2090
2026-01-20 17:09:21,337 | INFO | ✓ Fold 2: New best model! reg_mae=3.4875
2026-01-20 17:09:21,337 | INFO | Fold 2, Epoch 3/100
2026-01-20 17:11:24,430 | INFO |   Train loss: 2.4182
2026-01-20 17:11:57,508 | INFO |   Val: loss:3.8755 | reg_mae:4.3474 | reg_rmse:5.4511 | reg_mse:29.7145
2026-01-20 17:11:57,509 | INFO | Fold 2, Epoch 4/100
2026-01-20 17:13:59,285 | INFO |   Train loss: 2.0608
2026-01-20 17:14:32,467 | INFO |   Val: loss:2.1587 | reg_mae:2.6080 | reg_rmse:3.4724 | reg_mse:12.0576
2026-01-20 17:14:34,192 | INFO | ✓ Fold 2: New best model! reg_mae=2.6080
2026-01-20 17:14:34,193 | INFO | Fold 2, Epoch 5/100
2026-01-20 17:16:36,754 | INFO |   Train loss: 1.9360
2026-01-20 17:17:09,959 | INFO |   Val: loss:2.0253 | reg_mae:2.4886 | reg_rmse:3.0511 | reg_mse:9.3091
2026-01-20 17:17:11,490 | INFO | ✓ Fold 2: New best model! reg_mae=2.4886
2026-01-20 17:17:11,490 | INFO | Fold 2, Epoch 6/100
2026-01-20 17:19:15,692 | INFO |   Train loss: 1.9431
2026-01-20 17:19:48,779 | INFO |   Val: loss:4.3538 | reg_mae:4.8194 | reg_rmse:6.2311 | reg_mse:38.8262
2026-01-20 17:19:48,779 | INFO | Fold 2, Epoch 7/100
2026-01-20 17:21:50,150 | INFO |   Train loss: 1.8190
